// Jest Snapshot v1, https://goo.gl/fbAQLP

exports[`Lambda Function Deployments Top level cloudformation 1`] = `"2010-09-09"`;

exports[`Lambda Function Deployments apps packaged by rspack App1 Lambda Function 1`] = `
{
  "DependsOn": [
    "App1LogGroup",
  ],
  "Properties": {
    "Code": {
      "S3Bucket": {
        "Ref": "ServerlessDeploymentBucket",
      },
      "S3Key": StringContaining "App1.zip",
    },
    "FunctionName": "complete-example-dev-App1",
    "Handler": "app1.handler",
    "MemorySize": 1024,
    "Role": {
      "Fn::GetAtt": [
        "IamRoleLambdaExecution",
        "Arn",
      ],
    },
    "Runtime": "provided.al2023",
    "Timeout": 6,
  },
  "Type": "AWS::Lambda::Function",
}
`;

exports[`Lambda Function Deployments apps packaged by rspack App1 Lambda Function 2`] = `
{
  "Description": "Current Lambda function version",
  "Export": {
    "Name": "sls-complete-example-dev-App1LambdaFunctionQualifiedArn",
  },
  "Value": {
    "Ref": StringContaining "App1LambdaVersion",
  },
}
`;

exports[`Lambda Function Deployments apps packaged by rspack App1 Lambda Function 3`] = `"import*as e from"isin-validator";var n={};n.d=function(e,r){for(var t in r)n.o(r,t)&&!n.o(e,t)&&Object.defineProperty(e,t,{enumerable:!0,get:r[t]})},n.o=function(e,n){return Object.prototype.hasOwnProperty.call(e,n)};var r={};function t(e,n,r,t,o,a,i){try{var u=e[a](i),l=u.value}catch(e){r(e);return}u.done?n(l):Promise.resolve(l).then(t,o)}n.d(r,{handler:()=>o});function o(e){return a.apply(this,arguments)}function a(){var n;return n=function(n){return function(e,n){var r,t,o,a,i={label:0,sent:function(){if(1&o[0])throw o[1];return o[1]},trys:[],ops:[]};return a={next:u(0),throw:u(1),return:u(2)},"function"==typeof Symbol&&(a[Symbol.iterator]=function(){return this}),a;function u(a){return function(u){return function(a){if(r)throw TypeError("Generator is already executing.");for(;i;)try{if(r=1,t&&(o=2&a[0]?t.return:a[0]?t.throw||((o=t.return)&&o.call(t),0):t.next)&&!(o=o.call(t,a[1])).done)return o;switch(t=0,o&&(a=[2&a[0],o.value]),a[0]){case 0:case 1:o=a;break;case 4:return i.label++,{value:a[1],done:!1};case 5:i.label++,t=a[1],a=[0];continue;case 7:a=i.ops.pop(),i.trys.pop();continue;default:if(!(o=(o=i.trys).length>0&&o[o.length-1])&&(6===a[0]||2===a[0])){i=0;continue}if(3===a[0]&&(!o||a[1]>o[0]&&a[1]<o[3])){i.label=a[1];break}if(6===a[0]&&i.label<o[1]){i.label=o[1],o=a;break}if(o&&i.label<o[2]){i.label=o[2],i.ops.push(a);break}o[2]&&i.ops.pop(),i.trys.pop();continue}a=n.call(e,i)}catch(e){a=[6,e],t=0}finally{r=o=0}if(5&a[0])throw a[1];return{value:a[0]?a[1]:void 0,done:!0}}([a,u])}}}(this,function(r){return[2,{statusCode:200,body:JSON.stringify({message:(0,e.default)(n)?"ISIN is invalid!":"ISIN is fine!",input:n})}]})},(a=function(){var e=this,r=arguments;return new Promise(function(o,a){var i=n.apply(e,r);function u(e){t(i,o,a,u,l,"next",e)}function l(e){t(i,o,a,u,l,"throw",e)}u(void 0)})}).apply(this,arguments)}var i=r.handler;export{i as handler};"`;

exports[`Lambda Function Deployments apps packaged by rspack app3 Lambda Function 1`] = `
{
  "DependsOn": [
    "App3LogGroup",
  ],
  "Properties": {
    "Code": {
      "S3Bucket": {
        "Ref": "ServerlessDeploymentBucket",
      },
      "S3Key": StringContaining "app3.zip",
    },
    "FunctionName": "complete-example-dev-app3",
    "Handler": "src/App3.handler",
    "MemorySize": 1024,
    "Role": {
      "Fn::GetAtt": [
        "IamRoleLambdaExecution",
        "Arn",
      ],
    },
    "Runtime": "nodejs20.x",
    "Timeout": 6,
  },
  "Type": "AWS::Lambda::Function",
}
`;

exports[`Lambda Function Deployments apps packaged by rspack app3 Lambda Function 2`] = `
{
  "Description": "Current Lambda function version",
  "Export": {
    "Name": "sls-complete-example-dev-App3LambdaFunctionQualifiedArn",
  },
  "Value": {
    "Ref": StringContaining "App3LambdaVersion",
  },
}
`;

exports[`Lambda Function Deployments apps packaged by rspack app3 Lambda Function 3`] = `"import*as e from"isin-validator";var n={};n.d=function(e,r){for(var t in r)n.o(r,t)&&!n.o(e,t)&&Object.defineProperty(e,t,{enumerable:!0,get:r[t]})},n.o=function(e,n){return Object.prototype.hasOwnProperty.call(e,n)};var r={};function t(e,n,r,t,o,a,i){try{var u=e[a](i),l=u.value}catch(e){r(e);return}u.done?n(l):Promise.resolve(l).then(t,o)}n.d(r,{handler:()=>o});function o(e){return a.apply(this,arguments)}function a(){var n;return n=function(n){return function(e,n){var r,t,o,a,i={label:0,sent:function(){if(1&o[0])throw o[1];return o[1]},trys:[],ops:[]};return a={next:u(0),throw:u(1),return:u(2)},"function"==typeof Symbol&&(a[Symbol.iterator]=function(){return this}),a;function u(a){return function(u){return function(a){if(r)throw TypeError("Generator is already executing.");for(;i;)try{if(r=1,t&&(o=2&a[0]?t.return:a[0]?t.throw||((o=t.return)&&o.call(t),0):t.next)&&!(o=o.call(t,a[1])).done)return o;switch(t=0,o&&(a=[2&a[0],o.value]),a[0]){case 0:case 1:o=a;break;case 4:return i.label++,{value:a[1],done:!1};case 5:i.label++,t=a[1],a=[0];continue;case 7:a=i.ops.pop(),i.trys.pop();continue;default:if(!(o=(o=i.trys).length>0&&o[o.length-1])&&(6===a[0]||2===a[0])){i=0;continue}if(3===a[0]&&(!o||a[1]>o[0]&&a[1]<o[3])){i.label=a[1];break}if(6===a[0]&&i.label<o[1]){i.label=o[1],o=a;break}if(o&&i.label<o[2]){i.label=o[2],i.ops.push(a);break}o[2]&&i.ops.pop(),i.trys.pop();continue}a=n.call(e,i)}catch(e){a=[6,e],t=0}finally{r=o=0}if(5&a[0])throw a[1];return{value:a[0]?a[1]:void 0,done:!0}}([a,u])}}}(this,function(r){return[2,{statusCode:200,body:JSON.stringify({message:(0,e.default)(n)?"ISIN is invalid!":"ISIN is fine!",input:n})}]})},(a=function(){var e=this,r=arguments;return new Promise(function(o,a){var i=n.apply(e,r);function u(e){t(i,o,a,u,l,"next",e)}function l(e){t(i,o,a,u,l,"throw",e)}u(void 0)})}).apply(this,arguments)}var i=r.handler;export{i as handler};"`;

exports[`Lambda Function Deployments apps packaged by rspack app4 Lambda Function 1`] = `
{
  "DependsOn": [
    "App4LogGroup",
  ],
  "Properties": {
    "Code": {
      "S3Bucket": {
        "Ref": "ServerlessDeploymentBucket",
      },
      "S3Key": StringContaining "app4.zip",
    },
    "FunctionName": "complete-example-dev-app4",
    "Handler": "src/app4.handler",
    "MemorySize": 1024,
    "Role": {
      "Fn::GetAtt": [
        "IamRoleLambdaExecution",
        "Arn",
      ],
    },
    "Runtime": "nodejs20.x",
    "Timeout": 6,
  },
  "Type": "AWS::Lambda::Function",
}
`;

exports[`Lambda Function Deployments apps packaged by rspack app4 Lambda Function 2`] = `
{
  "Description": "Current Lambda function version",
  "Export": {
    "Name": "sls-complete-example-dev-App4LambdaFunctionQualifiedArn",
  },
  "Value": {
    "Ref": StringContaining "App4LambdaVersion",
  },
}
`;

exports[`Lambda Function Deployments apps packaged by rspack app4 Lambda Function 3`] = `"import*as e from"isin-validator";var n={};n.d=function(e,r){for(var t in r)n.o(r,t)&&!n.o(e,t)&&Object.defineProperty(e,t,{enumerable:!0,get:r[t]})},n.o=function(e,n){return Object.prototype.hasOwnProperty.call(e,n)};var r={};function t(e,n,r,t,o,a,i){try{var u=e[a](i),l=u.value}catch(e){r(e);return}u.done?n(l):Promise.resolve(l).then(t,o)}n.d(r,{handler:()=>o});function o(e){return a.apply(this,arguments)}function a(){var n;return n=function(n){return function(e,n){var r,t,o,a,i={label:0,sent:function(){if(1&o[0])throw o[1];return o[1]},trys:[],ops:[]};return a={next:u(0),throw:u(1),return:u(2)},"function"==typeof Symbol&&(a[Symbol.iterator]=function(){return this}),a;function u(a){return function(u){return function(a){if(r)throw TypeError("Generator is already executing.");for(;i;)try{if(r=1,t&&(o=2&a[0]?t.return:a[0]?t.throw||((o=t.return)&&o.call(t),0):t.next)&&!(o=o.call(t,a[1])).done)return o;switch(t=0,o&&(a=[2&a[0],o.value]),a[0]){case 0:case 1:o=a;break;case 4:return i.label++,{value:a[1],done:!1};case 5:i.label++,t=a[1],a=[0];continue;case 7:a=i.ops.pop(),i.trys.pop();continue;default:if(!(o=(o=i.trys).length>0&&o[o.length-1])&&(6===a[0]||2===a[0])){i=0;continue}if(3===a[0]&&(!o||a[1]>o[0]&&a[1]<o[3])){i.label=a[1];break}if(6===a[0]&&i.label<o[1]){i.label=o[1],o=a;break}if(o&&i.label<o[2]){i.label=o[2],i.ops.push(a);break}o[2]&&i.ops.pop(),i.trys.pop();continue}a=n.call(e,i)}catch(e){a=[6,e],t=0}finally{r=o=0}if(5&a[0])throw a[1];return{value:a[0]?a[1]:void 0,done:!0}}([a,u])}}}(this,function(r){return[2,{statusCode:200,body:JSON.stringify({message:(0,e.default)(n)?"ISIN is invalid!":"ISIN is fine!",input:n})}]})},(a=function(){var e=this,r=arguments;return new Promise(function(o,a){var i=n.apply(e,r);function u(e){t(i,o,a,u,l,"next",e)}function l(e){t(i,o,a,u,l,"throw",e)}u(void 0)})}).apply(this,arguments)}var i=r.handler;export{i as handler};"`;

exports[`Lambda Function Deployments apps packaged by rspack app5 Lambda Function 1`] = `
{
  "DependsOn": [
    "App5LogGroup",
  ],
  "Properties": {
    "Code": {
      "S3Bucket": {
        "Ref": "ServerlessDeploymentBucket",
      },
      "S3Key": StringContaining "app5.zip",
    },
    "FunctionName": "complete-example-dev-app5",
    "Handler": "src/deeply/nested/somewhat/app5.handler",
    "MemorySize": 1024,
    "Role": {
      "Fn::GetAtt": [
        "IamRoleLambdaExecution",
        "Arn",
      ],
    },
    "Runtime": "nodejs20.x",
    "Timeout": 6,
  },
  "Type": "AWS::Lambda::Function",
}
`;

exports[`Lambda Function Deployments apps packaged by rspack app5 Lambda Function 2`] = `
{
  "Description": "Current Lambda function version",
  "Export": {
    "Name": "sls-complete-example-dev-App5LambdaFunctionQualifiedArn",
  },
  "Value": {
    "Ref": StringContaining "App5LambdaVersion",
  },
}
`;

exports[`Lambda Function Deployments apps packaged by rspack app5 Lambda Function 3`] = `"import*as e from"isin-validator";var n={};n.d=function(e,r){for(var t in r)n.o(r,t)&&!n.o(e,t)&&Object.defineProperty(e,t,{enumerable:!0,get:r[t]})},n.o=function(e,n){return Object.prototype.hasOwnProperty.call(e,n)};var r={};function t(e,n,r,t,o,a,i){try{var u=e[a](i),l=u.value}catch(e){r(e);return}u.done?n(l):Promise.resolve(l).then(t,o)}n.d(r,{handler:()=>o});function o(e){return a.apply(this,arguments)}function a(){var n;return n=function(n){return function(e,n){var r,t,o,a,i={label:0,sent:function(){if(1&o[0])throw o[1];return o[1]},trys:[],ops:[]};return a={next:u(0),throw:u(1),return:u(2)},"function"==typeof Symbol&&(a[Symbol.iterator]=function(){return this}),a;function u(a){return function(u){return function(a){if(r)throw TypeError("Generator is already executing.");for(;i;)try{if(r=1,t&&(o=2&a[0]?t.return:a[0]?t.throw||((o=t.return)&&o.call(t),0):t.next)&&!(o=o.call(t,a[1])).done)return o;switch(t=0,o&&(a=[2&a[0],o.value]),a[0]){case 0:case 1:o=a;break;case 4:return i.label++,{value:a[1],done:!1};case 5:i.label++,t=a[1],a=[0];continue;case 7:a=i.ops.pop(),i.trys.pop();continue;default:if(!(o=(o=i.trys).length>0&&o[o.length-1])&&(6===a[0]||2===a[0])){i=0;continue}if(3===a[0]&&(!o||a[1]>o[0]&&a[1]<o[3])){i.label=a[1];break}if(6===a[0]&&i.label<o[1]){i.label=o[1],o=a;break}if(o&&i.label<o[2]){i.label=o[2],i.ops.push(a);break}o[2]&&i.ops.pop(),i.trys.pop();continue}a=n.call(e,i)}catch(e){a=[6,e],t=0}finally{r=o=0}if(5&a[0])throw a[1];return{value:a[0]?a[1]:void 0,done:!0}}([a,u])}}}(this,function(r){return[2,{statusCode:200,body:JSON.stringify({message:(0,e.default)(n)?"ISIN is invalid!":"ISIN is fine!",input:n})}]})},(a=function(){var e=this,r=arguments;return new Promise(function(o,a){var i=n.apply(e,r);function u(e){t(i,o,a,u,l,"next",e)}function l(e){t(i,o,a,u,l,"throw",e)}u(void 0)})}).apply(this,arguments)}var i=r.handler;export{i as handler};"`;
